#ifndef YDF_MODEL_YDF_MODEL_H_
#define YDF_MODEL_YDF_MODEL_H_

#include <cassert>
#include <cmath>
#include <cstring>
#include <stdint.h>

namespace ydf_model {

enum class FeatureType : uint32_t {
  kOutOfVocabulary = 0,
  kM = 1,
  kI = 2,
  kF = 3,
};

constexpr const int kNumFeatures = 8;
constexpr const uint8_t kNumTrees = 3;

struct Instance {
  typedef float Numerical;

  FeatureType type;
  Numerical longestshell;
  Numerical diameter;
  Numerical height;
  Numerical wholeweight;
  Numerical shuckedweight;
  Numerical visceraweight;
  Numerical shellweight;
};

// Predicts on an instance without any safety checks.
//
// The caller must ensure that the instance meets the following conditions:
// - Numerical features must not be NaN.
// - Integerized categorical features must be within the range [0, max_value],
//   where max_value is the maximum value observed during training.
//
// Failure to meet these conditions may result in undefined behavior.
//
// It is recommended to use `Predict()` instead, unless the instance has
// already been sanitized.
//
// This function is called by `Predict()`.
inline float PredictUnsafe(const Instance& instance) {
  float accumulator {9.94246};

  // Tree #0
  if (instance.shellweight >= 0.16775f) {
    if (instance.shellweight >= 0.35975f) {
      if (instance.shuckedweight >= 0.55200005f) {
        if (instance.shellweight >= 0.56875f) {
          if (instance.shuckedweight >= 0.77f) {
            accumulator += 0.312421;
          } else {
            accumulator += 0.705754;
          }
        } else {
          if (instance.shellweight >= 0.4445f) {
            accumulator += 0.227469;
          } else {
            accumulator += 0.108071;
          }
        }
      } else {
        if (instance.shellweight >= 0.5075f) {
          if (instance.diameter >= 0.495f) {
            accumulator += 0.680754;
          } else {
            accumulator += 1.04861;
          }
        } else {
          if (instance.shuckedweight >= 0.41474998f) {
            accumulator += 0.323402;
          } else {
            accumulator += 0.580223;
          }
        }
      }
    } else {
      if (instance.shellweight >= 0.24925f) {
        if (instance.shuckedweight >= 0.39975f) {
          if (instance.shellweight >= 0.29375f) {
            accumulator += 0.0718944;
          } else {
            accumulator += -0.0212617;
          }
        } else {
          if (instance.shuckedweight >= 0.34475f) {
            accumulator += 0.184504;
          } else {
            accumulator += 0.334164;
          }
        }
      } else {
        if (instance.shuckedweight >= 0.30025f) {
          if (instance.shuckedweight >= 0.37975f) {
            accumulator += -0.111661;
          } else {
            accumulator += -0.0446622;
          }
        } else {
          if (instance.type == FeatureType::kOutOfVocabulary ||
              instance.type == FeatureType::kM ||
              instance.type == FeatureType::kF) {
            accumulator += 0.173916;
          } else {
            accumulator += -0.02731;
          }
        }
      }
    }
  } else {
    if (instance.shellweight >= 0.05875f) {
      if (instance.type == FeatureType::kOutOfVocabulary ||
          instance.type == FeatureType::kM ||
          instance.type == FeatureType::kF) {
        if (instance.shuckedweight >= 0.22975f) {
          if (instance.visceraweight >= 0.1685f) {
            accumulator += -0.0275789;
          } else {
            accumulator += -0.211129;
          }
        } else {
          if (instance.height >= 0.1225f) {
            accumulator += 0.0376989;
          } else {
            accumulator += -0.0900595;
          }
        }
      } else {
        if (instance.shellweight >= 0.112f) {
          if (instance.shuckedweight >= 0.21700001f) {
            accumulator += -0.216028;
          } else {
            accumulator += -0.117735;
          }
        } else {
          if (instance.shuckedweight >= 0.095750004f) {
            accumulator += -0.295431;
          } else {
            accumulator += -0.244246;
          }
        }
      }
    } else {
      if (instance.shellweight >= 0.026500002f) {
        if (instance.diameter >= 0.2225f) {
          if (instance.type == FeatureType::kOutOfVocabulary ||
              instance.type == FeatureType::kM) {
            accumulator += -0.188982;
          } else {
            accumulator += -0.351388;
          }
        } else {
          if (instance.height >= 0.0625f) {
            accumulator += -0.405056;
          } else {
            accumulator += -0.471169;
          }
        }
      } else {
        if (instance.visceraweight >= 0.01025f) {
          if (instance.shellweight >= 0.0175f) {
            accumulator += -0.484489;
          } else {
            accumulator += -0.541304;
          }
        } else {
          if (instance.shuckedweight >= 0.00725f) {
            accumulator += -0.575641;
          } else {
            accumulator += -0.678861;
          }
        }
      }
    }
  }

  // Tree #1
  if (instance.shellweight >= 0.16775f) {
    if (instance.shellweight >= 0.37475002f) {
      if (instance.shuckedweight >= 0.55200005f) {
        if (instance.shellweight >= 0.69275f) {
          if (instance.diameter >= 0.5425f) {
            accumulator += 0.604846;
          } else {
            accumulator += 1.07518;
          }
        } else {
          if (instance.shellweight >= 0.4445f) {
            accumulator += 0.2356;
          } else {
            accumulator += 0.104998;
          }
        }
      } else {
        if (instance.wholeweight >= 1.40125f) {
          if (instance.height >= 0.17750001f) {
            accumulator += 0.777669;
          } else {
            accumulator += 0.443813;
          }
        } else {
          if (instance.shuckedweight >= 0.41500002f) {
            accumulator += 0.295249;
          } else {
            accumulator += 0.626055;
          }
        }
      }
    } else {
      if (instance.shellweight >= 0.24925f) {
        if (instance.shuckedweight >= 0.44375002f) {
          if (instance.shellweight >= 0.2905f) {
            accumulator += 0.0440641;
          } else {
            accumulator += -0.0460116;
          }
        } else {
          if (instance.shellweight >= 0.28974998f) {
            accumulator += 0.300157;
          } else {
            accumulator += 0.147129;
          }
        }
      } else {
        if (instance.shuckedweight >= 0.24325f) {
          if (instance.shuckedweight >= 0.30025f) {
            accumulator += -0.0658736;
          } else {
            accumulator += 0.0342866;
          }
        } else {
          if (instance.wholeweight >= 0.61675f) {
            accumulator += 0.481939;
          } else {
            accumulator += 0.09369;
          }
        }
      }
    }
  } else {
    if (instance.shellweight >= 0.05875f) {
      if (instance.type == FeatureType::kOutOfVocabulary ||
          instance.type == FeatureType::kM ||
          instance.type == FeatureType::kF) {
        if (instance.shuckedweight >= 0.233f) {
          if (instance.visceraweight >= 0.1685f) {
            accumulator += -0.0248209;
          } else {
            accumulator += -0.193403;
          }
        } else {
          if (instance.shellweight >= 0.11825f) {
            accumulator += -0.00385521;
          } else {
            accumulator += -0.10375;
          }
        }
      } else {
        if (instance.shellweight >= 0.112f) {
          if (instance.shuckedweight >= 0.21700001f) {
            accumulator += -0.194425;
          } else {
            accumulator += -0.105962;
          }
        } else {
          if (instance.shellweight >= 0.06875f) {
            accumulator += -0.245637;
          } else {
            accumulator += -0.300007;
          }
        }
      }
    } else {
      if (instance.shellweight >= 0.026500002f) {
        if (instance.diameter >= 0.2225f) {
          if (instance.type == FeatureType::kOutOfVocabulary ||
              instance.type == FeatureType::kM) {
            accumulator += -0.170084;
          } else {
            accumulator += -0.31625;
          }
        } else {
          if (instance.shuckedweight >= 0.058f) {
            accumulator += -0.434957;
          } else {
            accumulator += -0.364538;
          }
        }
      } else {
        if (instance.visceraweight >= 0.01025f) {
          if (instance.shuckedweight >= 0.023249999f) {
            accumulator += -0.466778;
          } else {
            accumulator += -0.413043;
          }
        } else {
          if (instance.diameter >= 0.1025f) {
            accumulator += -0.527219;
          } else {
            accumulator += -0.666359;
          }
        }
      }
    }
  }

  // Tree #2
  if (instance.shellweight >= 0.15375f) {
    if (instance.shellweight >= 0.3545f) {
      if (instance.shuckedweight >= 0.55200005f) {
        if (instance.shellweight >= 0.56875f) {
          if (instance.shuckedweight >= 0.77f) {
            accumulator += 0.252696;
          } else {
            accumulator += 0.591352;
          }
        } else {
          if (instance.shellweight >= 0.4445f) {
            accumulator += 0.181162;
          } else {
            accumulator += 0.0831095;
          }
        }
      } else {
        if (instance.shellweight >= 0.41399997f) {
          if (instance.wholeweight >= 1.40125f) {
            accumulator += 0.633271;
          } else {
            accumulator += 0.418284;
          }
        } else {
          if (instance.shuckedweight >= 0.42525f) {
            accumulator += 0.146606;
          } else {
            accumulator += 0.44689;
          }
        }
      }
    } else {
      if (instance.shellweight >= 0.23949999f) {
        if (instance.shuckedweight >= 0.34475f) {
          if (instance.shuckedweight >= 0.44375002f) {
            accumulator += 0.00736695;
          } else {
            accumulator += 0.105116;
          }
        } else {
          if (instance.diameter >= 0.4275f) {
            accumulator += 0.179296;
          } else {
            accumulator += 0.317869;
          }
        }
      } else {
        if (instance.shuckedweight >= 0.23275f) {
          if (instance.height >= 0.1525f) {
            accumulator += 0.070624;
          } else {
            accumulator += -0.0583499;
          }
        } else {
          if (instance.wholeweight >= 0.57275f) {
            accumulator += 0.297453;
          } else {
            accumulator += 0.0518753;
          }
        }
      }
    }
  } else {
    if (instance.shellweight >= 0.0475f) {
      if (instance.type == FeatureType::kOutOfVocabulary ||
          instance.type == FeatureType::kM ||
          instance.type == FeatureType::kF) {
        if (instance.shuckedweight >= 0.233f) {
          if (instance.visceraweight >= 0.15125f) {
            accumulator += -0.0838989;
          } else {
            accumulator += -0.197271;
          }
        } else {
          if (instance.diameter >= 0.3075f) {
            accumulator += -0.0222674;
          } else {
            accumulator += -0.120292;
          }
        }
      } else {
        if (instance.shellweight >= 0.112f) {
          if (instance.shuckedweight >= 0.21625f) {
            accumulator += -0.199929;
          } else {
            accumulator += -0.123039;
          }
        } else {
          if (instance.shellweight >= 0.06875f) {
            accumulator += -0.221073;
          } else {
            accumulator += -0.26881;
          }
        }
      }
    } else {
      if (instance.shellweight >= 0.02175f) {
        if (instance.shellweight >= 0.039499998f) {
          if (instance.shuckedweight >= 0.046f) {
            accumulator += -0.30408;
          } else {
            accumulator += -0.152861;
          }
        } else {
          if (instance.visceraweight >= 0.01375f) {
            accumulator += -0.350878;
          } else {
            accumulator += -0.253653;
          }
        }
      } else {
        if (instance.wholeweight >= 0.023249999f) {
          if (instance.shellweight >= 0.015249999f) {
            accumulator += -0.415872;
          } else {
            accumulator += -0.457507;
          }
        } else {
          if (instance.diameter >= 0.1025f) {
            accumulator += -0.516069;
          } else {
            accumulator += -0.599723;
          }
        }
      }
    }
  }

  return accumulator;
}

// Prediction function.
//
// Sanitizes the given instance, then calls `PredictUnsafe()`.
inline float Predict(Instance instance) {
  instance.longestshell = std::isnan(instance.longestshell) ? 0.523992 : instance.longestshell;
  instance.diameter = std::isnan(instance.diameter) ? 0.407881 : instance.diameter;
  instance.height = std::isnan(instance.height) ? 0.139516 : instance.height;
  instance.wholeweight = std::isnan(instance.wholeweight) ? 0.828742 : instance.wholeweight;
  instance.shuckedweight = std::isnan(instance.shuckedweight) ? 0.359367 : instance.shuckedweight;
  instance.visceraweight = std::isnan(instance.visceraweight) ? 0.180594 : instance.visceraweight;
  instance.shellweight = std::isnan(instance.shellweight) ? 0.238831 : instance.shellweight;

  return PredictUnsafe(instance);
}

}  // namespace ydf_model
#endif
