#ifndef YDF_MODEL_YDF_MODEL_H_
#define YDF_MODEL_YDF_MODEL_H_

#include <stdint.h>
#include <array>
#include <algorithm>
#include <bitset>
#include <cassert>

namespace ydf_model {

enum class FeatureType : uint32_t {
  kOutOfVocabulary = 0,
  kM = 1,
  kI = 2,
  kF = 3,
};

constexpr const int kNumFeatures = 8;
constexpr const int kNumTrees = 3;

struct Instance {
  typedef float Numerical;

  FeatureType type;
  Numerical longestshell;
  Numerical diameter;
  Numerical height;
  Numerical wholeweight;
  Numerical shuckedweight;
  Numerical visceraweight;
  Numerical shellweight;
};

struct __attribute__((packed)) Node {
  uint8_t pos = 0;
  union {
    struct {
      uint8_t feature;
      union {
        float threshold;
        uint8_t categorical;
      };
    } cond;
    struct {
      float value;
    } leaf;
  };
};

static const uint8_t condition_types[] = {1,0,0,0,0,0,0,0};


static const uint8_t root_deltas[] = {63,63,63};

static const Node nodes[] = {
{.pos=31,.cond={.feature=7,.threshold=0.16775}},
{.pos=15,.cond={.feature=7,.threshold=0.05875}},
{.pos=7,.cond={.feature=7,.threshold=0.0265}},
{.pos=3,.cond={.feature=6,.threshold=0.01025}},
{.pos=1,.cond={.feature=5,.threshold=0.00725}},
{.leaf={.value=-0.678861}},
{.leaf={.value=-0.575641}},
{.pos=1,.cond={.feature=7,.threshold=0.0175}},
{.leaf={.value=-0.541304}},
{.leaf={.value=-0.484489}},
{.pos=3,.cond={.feature=2,.threshold=0.2225}},
{.pos=1,.cond={.feature=3,.threshold=0.0625}},
{.leaf={.value=-0.471169}},
{.leaf={.value=-0.405056}},
{.pos=1,.cond={.feature=0,.categorical=0}},
{.leaf={.value=-0.351388}},
{.leaf={.value=-0.188982}},
{.pos=7,.cond={.feature=0,.categorical=4}},
{.pos=3,.cond={.feature=7,.threshold=0.112}},
{.pos=1,.cond={.feature=5,.threshold=0.09575}},
{.leaf={.value=-0.244246}},
{.leaf={.value=-0.295431}},
{.pos=1,.cond={.feature=5,.threshold=0.217}},
{.leaf={.value=-0.117735}},
{.leaf={.value=-0.216028}},
{.pos=3,.cond={.feature=5,.threshold=0.22975}},
{.pos=1,.cond={.feature=3,.threshold=0.1225}},
{.leaf={.value=-0.0900595}},
{.leaf={.value=0.0376989}},
{.pos=1,.cond={.feature=6,.threshold=0.1685}},
{.leaf={.value=-0.211129}},
{.leaf={.value=-0.0275789}},
{.pos=15,.cond={.feature=7,.threshold=0.35975}},
{.pos=7,.cond={.feature=7,.threshold=0.24925}},
{.pos=3,.cond={.feature=5,.threshold=0.30025}},
{.pos=1,.cond={.feature=0,.categorical=8}},
{.leaf={.value=-0.02731}},
{.leaf={.value=0.173916}},
{.pos=1,.cond={.feature=5,.threshold=0.37975}},
{.leaf={.value=-0.0446622}},
{.leaf={.value=-0.111661}},
{.pos=3,.cond={.feature=5,.threshold=0.39975}},
{.pos=1,.cond={.feature=5,.threshold=0.34475}},
{.leaf={.value=0.334164}},
{.leaf={.value=0.184504}},
{.pos=1,.cond={.feature=7,.threshold=0.29375}},
{.leaf={.value=-0.0212617}},
{.leaf={.value=0.0718944}},
{.pos=7,.cond={.feature=5,.threshold=0.552}},
{.pos=3,.cond={.feature=7,.threshold=0.5075}},
{.pos=1,.cond={.feature=5,.threshold=0.41475}},
{.leaf={.value=0.580223}},
{.leaf={.value=0.323402}},
{.pos=1,.cond={.feature=2,.threshold=0.495}},
{.leaf={.value=1.04861}},
{.leaf={.value=0.680754}},
{.pos=3,.cond={.feature=7,.threshold=0.56875}},
{.pos=1,.cond={.feature=7,.threshold=0.4445}},
{.leaf={.value=0.108071}},
{.leaf={.value=0.227469}},
{.pos=1,.cond={.feature=5,.threshold=0.77}},
{.leaf={.value=0.705754}},
{.leaf={.value=0.312421}},
{.pos=31,.cond={.feature=7,.threshold=0.16775}},
{.pos=15,.cond={.feature=7,.threshold=0.05875}},
{.pos=7,.cond={.feature=7,.threshold=0.0265}},
{.pos=3,.cond={.feature=6,.threshold=0.01025}},
{.pos=1,.cond={.feature=2,.threshold=0.1025}},
{.leaf={.value=-0.666359}},
{.leaf={.value=-0.527219}},
{.pos=1,.cond={.feature=5,.threshold=0.02325}},
{.leaf={.value=-0.413043}},
{.leaf={.value=-0.466778}},
{.pos=3,.cond={.feature=2,.threshold=0.2225}},
{.pos=1,.cond={.feature=5,.threshold=0.058}},
{.leaf={.value=-0.364538}},
{.leaf={.value=-0.434957}},
{.pos=1,.cond={.feature=0,.categorical=12}},
{.leaf={.value=-0.31625}},
{.leaf={.value=-0.170084}},
{.pos=7,.cond={.feature=0,.categorical=16}},
{.pos=3,.cond={.feature=7,.threshold=0.112}},
{.pos=1,.cond={.feature=7,.threshold=0.06875}},
{.leaf={.value=-0.300007}},
{.leaf={.value=-0.245637}},
{.pos=1,.cond={.feature=5,.threshold=0.217}},
{.leaf={.value=-0.105962}},
{.leaf={.value=-0.194425}},
{.pos=3,.cond={.feature=5,.threshold=0.233}},
{.pos=1,.cond={.feature=7,.threshold=0.11825}},
{.leaf={.value=-0.10375}},
{.leaf={.value=-0.00385521}},
{.pos=1,.cond={.feature=6,.threshold=0.1685}},
{.leaf={.value=-0.193403}},
{.leaf={.value=-0.0248209}},
{.pos=15,.cond={.feature=7,.threshold=0.37475}},
{.pos=7,.cond={.feature=7,.threshold=0.24925}},
{.pos=3,.cond={.feature=5,.threshold=0.24325}},
{.pos=1,.cond={.feature=4,.threshold=0.61675}},
{.leaf={.value=0.09369}},
{.leaf={.value=0.481939}},
{.pos=1,.cond={.feature=5,.threshold=0.30025}},
{.leaf={.value=0.0342866}},
{.leaf={.value=-0.0658736}},
{.pos=3,.cond={.feature=5,.threshold=0.44375}},
{.pos=1,.cond={.feature=7,.threshold=0.28975}},
{.leaf={.value=0.147129}},
{.leaf={.value=0.300157}},
{.pos=1,.cond={.feature=7,.threshold=0.2905}},
{.leaf={.value=-0.0460116}},
{.leaf={.value=0.0440641}},
{.pos=7,.cond={.feature=5,.threshold=0.552}},
{.pos=3,.cond={.feature=4,.threshold=1.40125}},
{.pos=1,.cond={.feature=5,.threshold=0.415}},
{.leaf={.value=0.626055}},
{.leaf={.value=0.295249}},
{.pos=1,.cond={.feature=3,.threshold=0.1775}},
{.leaf={.value=0.443813}},
{.leaf={.value=0.777669}},
{.pos=3,.cond={.feature=7,.threshold=0.69275}},
{.pos=1,.cond={.feature=7,.threshold=0.4445}},
{.leaf={.value=0.104998}},
{.leaf={.value=0.2356}},
{.pos=1,.cond={.feature=2,.threshold=0.5425}},
{.leaf={.value=1.07518}},
{.leaf={.value=0.604846}},
{.pos=31,.cond={.feature=7,.threshold=0.15375}},
{.pos=15,.cond={.feature=7,.threshold=0.0475}},
{.pos=7,.cond={.feature=7,.threshold=0.02175}},
{.pos=3,.cond={.feature=4,.threshold=0.02325}},
{.pos=1,.cond={.feature=2,.threshold=0.1025}},
{.leaf={.value=-0.599723}},
{.leaf={.value=-0.516069}},
{.pos=1,.cond={.feature=7,.threshold=0.01525}},
{.leaf={.value=-0.457507}},
{.leaf={.value=-0.415872}},
{.pos=3,.cond={.feature=7,.threshold=0.0395}},
{.pos=1,.cond={.feature=6,.threshold=0.01375}},
{.leaf={.value=-0.253653}},
{.leaf={.value=-0.350878}},
{.pos=1,.cond={.feature=5,.threshold=0.046}},
{.leaf={.value=-0.152861}},
{.leaf={.value=-0.30408}},
{.pos=7,.cond={.feature=0,.categorical=20}},
{.pos=3,.cond={.feature=7,.threshold=0.112}},
{.pos=1,.cond={.feature=7,.threshold=0.06875}},
{.leaf={.value=-0.26881}},
{.leaf={.value=-0.221073}},
{.pos=1,.cond={.feature=5,.threshold=0.21625}},
{.leaf={.value=-0.123039}},
{.leaf={.value=-0.199929}},
{.pos=3,.cond={.feature=5,.threshold=0.233}},
{.pos=1,.cond={.feature=2,.threshold=0.3075}},
{.leaf={.value=-0.120292}},
{.leaf={.value=-0.0222674}},
{.pos=1,.cond={.feature=6,.threshold=0.15125}},
{.leaf={.value=-0.197271}},
{.leaf={.value=-0.0838989}},
{.pos=15,.cond={.feature=7,.threshold=0.3545}},
{.pos=7,.cond={.feature=7,.threshold=0.2395}},
{.pos=3,.cond={.feature=5,.threshold=0.23275}},
{.pos=1,.cond={.feature=4,.threshold=0.57275}},
{.leaf={.value=0.0518753}},
{.leaf={.value=0.297453}},
{.pos=1,.cond={.feature=3,.threshold=0.1525}},
{.leaf={.value=-0.0583499}},
{.leaf={.value=0.070624}},
{.pos=3,.cond={.feature=5,.threshold=0.34475}},
{.pos=1,.cond={.feature=2,.threshold=0.4275}},
{.leaf={.value=0.317869}},
{.leaf={.value=0.179296}},
{.pos=1,.cond={.feature=5,.threshold=0.44375}},
{.leaf={.value=0.105116}},
{.leaf={.value=0.00736695}},
{.pos=7,.cond={.feature=5,.threshold=0.552}},
{.pos=3,.cond={.feature=7,.threshold=0.414}},
{.pos=1,.cond={.feature=5,.threshold=0.42525}},
{.leaf={.value=0.44689}},
{.leaf={.value=0.146606}},
{.pos=1,.cond={.feature=4,.threshold=1.40125}},
{.leaf={.value=0.418284}},
{.leaf={.value=0.633271}},
{.pos=3,.cond={.feature=7,.threshold=0.56875}},
{.pos=1,.cond={.feature=7,.threshold=0.4445}},
{.leaf={.value=0.0831095}},
{.leaf={.value=0.181162}},
{.pos=1,.cond={.feature=5,.threshold=0.77}},
{.leaf={.value=0.591352}},
{.leaf={.value=0.252696}},
};

  static const std::bitset<24> categorical_bank {"101110110011101110110011"};
  
inline float Predict(const Instance& instance) {
  float accumulator {9.94246};

  const Node* root = nodes;
  const Node* node;
  const auto* raw_numerical = reinterpret_cast<const float*>(&instance);
  (void) raw_numerical;
  const auto* raw_categorical = reinterpret_cast<const uint32_t*>(&instance);
  (void) raw_categorical;
  uint8_t eval;
  for (uint8_t tree_idx = 0; tree_idx != kNumTrees; tree_idx++) {
    node = root;
    while(node->pos) {
      if (condition_types[node->cond.feature] == 0) {
        eval = raw_numerical[node->cond.feature] >= node->cond.threshold;
      } else if (condition_types[node->cond.feature] == 1) {
        eval = categorical_bank[raw_categorical[node->cond.feature] + node->cond.categorical];
      } else {
        assert(false);
      }
      node += (node->pos & -eval) + 1;
    }
    accumulator += node->leaf.value;
    root += root_deltas[tree_idx];
  }

  return accumulator;
}

}  // namespace ydf_model
#endif
