<div>
  <style>.metric_box {
}

.metric_box a {
  text-decoration:none;
  color: darkblue;
}

.metric_box .title {
  font-weight: bold;
}

.metric_box .section {
  margin: 5px 5px 5px 5px;
}

.metric_box .grid {
  display: grid;
  grid-template-columns: max-content max-content max-content max-content;
  grid-template-rows: auto;
  border-bottom: 1px solid lightgray;
  padding: 10px;
}

.metric_box .grid > div {
}

.metric_box .grid > div:nth-child(odd) {
  font-weight: bold;
  padding-right: 5px;
  text-align: right;
}

.metric_box .grid > div:nth-child(even) {
  padding-right: 20px;
}

.metric_box .complex {
  display: inline-block;
  margin: 15px 20px 0px 0px;
  vertical-align: top;
}

.metric_box .complex .key {
  font-weight: bold;
}

.metric_box .complex .value {
}

.metric_box .confusion_matrix {
  border-collapse: collapse;
  margin: 15px 15px;
  border: 1px solid lightgray;
}

.metric_box .confusion_matrix th {
  background-color: #ededed;
  font-weight: bold;
  text-align: left;
  padding: 5px;
  border: 1px solid lightgray;
}

.metric_box .confusion_matrix td {
  text-align: right;
  padding: 3px;
  border: 1px solid lightgray;
}
</style>
  <div class="metric_box">
    <div class="grid section">
      <div class="key">accuracy:</div>
      <div class="value">0.2</div>
      <div class="key">RMSE:</div>
      <div class="value">0.3</div>
      <div class="key">RMSE 95% CI [B]:</div>
      <div class="value">(0.1, 0.4)</div>
      <div class="key">NDCG:</div>
      <div class="value">0.4</div>
      <div class="key">QINI:</div>
      <div class="value">0.5</div>
      <div class="key">AUUC:</div>
      <div class="value">0.6</div>
      <div class="key">loss:</div>
      <div class="value">0.1</div>
      <div class="key">
        <a href="http://go/pydf_doc/glossary.md#number-of-examples" target="_blank">num examples:</a>
      </div>
      <div class="value">10</div>
      <div class="key">
        <a href="http://go/pydf_doc/glossary.md#weighted-number-of-examples" target="_blank">num examples (weighted):</a>
      </div>
      <div class="value">0.7</div>
    </div>
    <div class="complex">
      <div class="key">
        <a href="http://go/pydf_doc/glossary.md#confusion-matrix" target="_blank">Confusion matrix</a>
      </div>
      <div class="value">
        <table class="confusion_matrix">
          <tr>
            <th>Label \ Pred</th>
            <th>a</th>
          </tr>
          <tr>
            <th>a</th>
            <td>1</td>
          </tr>
        </table>
      </div>
    </div>
  </div>
</div>
